---
source: tui/src/chatwidget/tests/status_and_layout.rs
assertion_line: 2048
expression: normalize_snapshot_paths(terminal.backend().vt100().screen().contents())
---


• 1

🧠 Session · Answering the user's reque…
🧭 Last prompt · count to 1

› Ask Codex to do anything

  gpt-5 default · /tmp/project
